// Jest Snapshot v1, https://goo.gl/fbAQLP

exports[`LoginForm snapshot LoginForm 1`] = `
{
  "asFragment": [Function],
  "baseElement": <body>
    <div>
      <div
        class="card card"
      >
        <div
          class="content"
        >
          <p
            class="h1 primary  title"
          >
            Sign In
          </p>
          <div
            class="oauthWrap"
          >
            <div>
              <svg />
            </div>
            <div>
              <svg />
            </div>
          </div>
          <form
            class="form"
          >
            <div
              class="field undefined fullWidth"
            >
              <div
                class="textFieldWrap"
              >
                <label
                  class="label undefined"
                  data-testid="email"
                  for="email"
                >
                  Email
                </label>
                <input
                  autocomplete="username"
                  class="textField undefined undefined"
                  id="email"
                  name="email"
                  role="email"
                  type="text"
                  value=""
                />
              </div>
            </div>
            <div
              class="passField undefined fullWidth"
            >
              <div
                class="textFieldWrap"
              >
                <label
                  class="label undefined"
                  data-testid="password"
                  for="password"
                >
                  Password
                </label>
                <input
                  autocomplete="current-password"
                  class="textField undefined undefined"
                  id="password"
                  name="password"
                  role="password"
                  type="password"
                  value=""
                />
                <svg
                  class="iconEye undefined"
                />
              </div>
            </div>
            <div
              class="wrapLinkForgotPass"
            >
              <a
                class="link"
                href="/auth/password-recovery"
              >
                <p
                  class="medium14 primary  linkForgotPass"
                >
                  Forgot password?
                </p>
              </a>
            </div>
            <button
              class="primary fullWidth singIn"
              type="submit"
            >
              <p
                class="bold16 primary  undefined"
              >
                Sign In
              </p>
            </button>
          </form>
          <p
            class="regular16 primary  undefined"
          >
            Don’t have an account?
          </p>
          <button
            class="link  undefined"
            color="link"
          >
            Sign Up
          </button>
        </div>
      </div>
    </div>
  </body>,
  "container": <div>
    <div
      class="card card"
    >
      <div
        class="content"
      >
        <p
          class="h1 primary  title"
        >
          Sign In
        </p>
        <div
          class="oauthWrap"
        >
          <div>
            <svg />
          </div>
          <div>
            <svg />
          </div>
        </div>
        <form
          class="form"
        >
          <div
            class="field undefined fullWidth"
          >
            <div
              class="textFieldWrap"
            >
              <label
                class="label undefined"
                data-testid="email"
                for="email"
              >
                Email
              </label>
              <input
                autocomplete="username"
                class="textField undefined undefined"
                id="email"
                name="email"
                role="email"
                type="text"
                value=""
              />
            </div>
          </div>
          <div
            class="passField undefined fullWidth"
          >
            <div
              class="textFieldWrap"
            >
              <label
                class="label undefined"
                data-testid="password"
                for="password"
              >
                Password
              </label>
              <input
                autocomplete="current-password"
                class="textField undefined undefined"
                id="password"
                name="password"
                role="password"
                type="password"
                value=""
              />
              <svg
                class="iconEye undefined"
              />
            </div>
          </div>
          <div
            class="wrapLinkForgotPass"
          >
            <a
              class="link"
              href="/auth/password-recovery"
            >
              <p
                class="medium14 primary  linkForgotPass"
              >
                Forgot password?
              </p>
            </a>
          </div>
          <button
            class="primary fullWidth singIn"
            type="submit"
          >
            <p
              class="bold16 primary  undefined"
            >
              Sign In
            </p>
          </button>
        </form>
        <p
          class="regular16 primary  undefined"
        >
          Don’t have an account?
        </p>
        <button
          class="link  undefined"
          color="link"
        >
          Sign Up
        </button>
      </div>
    </div>
  </div>,
  "debug": [Function],
  "findAllByAltText": [Function],
  "findAllByDisplayValue": [Function],
  "findAllByLabelText": [Function],
  "findAllByPlaceholderText": [Function],
  "findAllByRole": [Function],
  "findAllByTestId": [Function],
  "findAllByText": [Function],
  "findAllByTitle": [Function],
  "findByAltText": [Function],
  "findByDisplayValue": [Function],
  "findByLabelText": [Function],
  "findByPlaceholderText": [Function],
  "findByRole": [Function],
  "findByTestId": [Function],
  "findByText": [Function],
  "findByTitle": [Function],
  "getAllByAltText": [Function],
  "getAllByDisplayValue": [Function],
  "getAllByLabelText": [Function],
  "getAllByPlaceholderText": [Function],
  "getAllByRole": [Function],
  "getAllByTestId": [Function],
  "getAllByText": [Function],
  "getAllByTitle": [Function],
  "getByAltText": [Function],
  "getByDisplayValue": [Function],
  "getByLabelText": [Function],
  "getByPlaceholderText": [Function],
  "getByRole": [Function],
  "getByTestId": [Function],
  "getByText": [Function],
  "getByTitle": [Function],
  "queryAllByAltText": [Function],
  "queryAllByDisplayValue": [Function],
  "queryAllByLabelText": [Function],
  "queryAllByPlaceholderText": [Function],
  "queryAllByRole": [Function],
  "queryAllByTestId": [Function],
  "queryAllByText": [Function],
  "queryAllByTitle": [Function],
  "queryByAltText": [Function],
  "queryByDisplayValue": [Function],
  "queryByLabelText": [Function],
  "queryByPlaceholderText": [Function],
  "queryByRole": [Function],
  "queryByTestId": [Function],
  "queryByText": [Function],
  "queryByTitle": [Function],
  "rerender": [Function],
  "unmount": [Function],
}
`;
