// Jest Snapshot v1, https://goo.gl/fbAQLP

exports[`CreateNewPasswordForm snapshot CreateNewPasswordForm 1`] = `
{
  "asFragment": [Function],
  "baseElement": <body>
    <div>
      <form
        class="wrapper"
      >
        <p
          class="h1 primary  undefined"
        >
          Create new password
        </p>
        <div
          class="password "
        >
          <div
            class="textFieldWrap"
          >
            <label
              class="label undefined"
              data-testid="password"
              for="password"
            >
              New password
            </label>
            <input
              autocomplete="new-password"
              class="textField undefined undefined"
              id="password"
              name="password"
              role="password"
              type="password"
              value=""
            />
            <svg
              class="iconEye undefined"
            />
          </div>
        </div>
        <div
          class="password undefined "
        >
          <div
            class="textFieldWrap"
          >
            <label
              class="label undefined"
              data-testid="passwordConfirm"
              for="passwordConfirm"
            >
              Password confirmation
            </label>
            <input
              autocomplete="new-password"
              class="textField undefined undefined"
              id="passwordConfirm"
              name="passwordConfirm"
              role="passwordConfirm"
              type="password"
              value=""
            />
            <svg
              class="iconEye undefined"
            />
          </div>
        </div>
        <div
          class="text"
        >
          <p
            class="medium14 primary  passwordRequirement"
          >
            Your password must be between 6 and 20 characters
          </p>
        </div>
        <button
          class="primary fullWidth btn"
          type="submit"
        >
          <p
            class="bold16 primary  undefined"
          >
            Create new password
          </p>
        </button>
      </form>
    </div>
  </body>,
  "container": <div>
    <form
      class="wrapper"
    >
      <p
        class="h1 primary  undefined"
      >
        Create new password
      </p>
      <div
        class="password "
      >
        <div
          class="textFieldWrap"
        >
          <label
            class="label undefined"
            data-testid="password"
            for="password"
          >
            New password
          </label>
          <input
            autocomplete="new-password"
            class="textField undefined undefined"
            id="password"
            name="password"
            role="password"
            type="password"
            value=""
          />
          <svg
            class="iconEye undefined"
          />
        </div>
      </div>
      <div
        class="password undefined "
      >
        <div
          class="textFieldWrap"
        >
          <label
            class="label undefined"
            data-testid="passwordConfirm"
            for="passwordConfirm"
          >
            Password confirmation
          </label>
          <input
            autocomplete="new-password"
            class="textField undefined undefined"
            id="passwordConfirm"
            name="passwordConfirm"
            role="passwordConfirm"
            type="password"
            value=""
          />
          <svg
            class="iconEye undefined"
          />
        </div>
      </div>
      <div
        class="text"
      >
        <p
          class="medium14 primary  passwordRequirement"
        >
          Your password must be between 6 and 20 characters
        </p>
      </div>
      <button
        class="primary fullWidth btn"
        type="submit"
      >
        <p
          class="bold16 primary  undefined"
        >
          Create new password
        </p>
      </button>
    </form>
  </div>,
  "debug": [Function],
  "findAllByAltText": [Function],
  "findAllByDisplayValue": [Function],
  "findAllByLabelText": [Function],
  "findAllByPlaceholderText": [Function],
  "findAllByRole": [Function],
  "findAllByTestId": [Function],
  "findAllByText": [Function],
  "findAllByTitle": [Function],
  "findByAltText": [Function],
  "findByDisplayValue": [Function],
  "findByLabelText": [Function],
  "findByPlaceholderText": [Function],
  "findByRole": [Function],
  "findByTestId": [Function],
  "findByText": [Function],
  "findByTitle": [Function],
  "getAllByAltText": [Function],
  "getAllByDisplayValue": [Function],
  "getAllByLabelText": [Function],
  "getAllByPlaceholderText": [Function],
  "getAllByRole": [Function],
  "getAllByTestId": [Function],
  "getAllByText": [Function],
  "getAllByTitle": [Function],
  "getByAltText": [Function],
  "getByDisplayValue": [Function],
  "getByLabelText": [Function],
  "getByPlaceholderText": [Function],
  "getByRole": [Function],
  "getByTestId": [Function],
  "getByText": [Function],
  "getByTitle": [Function],
  "queryAllByAltText": [Function],
  "queryAllByDisplayValue": [Function],
  "queryAllByLabelText": [Function],
  "queryAllByPlaceholderText": [Function],
  "queryAllByRole": [Function],
  "queryAllByTestId": [Function],
  "queryAllByText": [Function],
  "queryAllByTitle": [Function],
  "queryByAltText": [Function],
  "queryByDisplayValue": [Function],
  "queryByLabelText": [Function],
  "queryByPlaceholderText": [Function],
  "queryByRole": [Function],
  "queryByTestId": [Function],
  "queryByText": [Function],
  "queryByTitle": [Function],
  "rerender": [Function],
  "unmount": [Function],
  "user": {
    "clear": [Function],
    "click": [Function],
    "copy": [Function],
    "cut": [Function],
    "dblClick": [Function],
    "deselectOptions": [Function],
    "hover": [Function],
    "keyboard": [Function],
    "paste": [Function],
    "pointer": [Function],
    "selectOptions": [Function],
    "setup": [Function],
    "tab": [Function],
    "tripleClick": [Function],
    "type": [Function],
    "unhover": [Function],
    "upload": [Function],
  },
}
`;
